../Drivers/LCD/lcd.c:72:13:setSPI_Size	16	static
../Drivers/LCD/lcd.c:160:13:LCD_WriteCommand	16	static
../Drivers/LCD/lcd.c:183:13:LCD_WriteData	32	static
../Drivers/LCD/lcd.c:251:6:LCD_SetRotation	24	static
../Drivers/LCD/lcd.c:297:13:LCD_SetAddressWindow	64	static
../Drivers/LCD/lcd.c:326:6:LCD_DrawPixel	32	static
../Drivers/LCD/lcd.c:354:6:LCD_FillPixels	160	static
../Drivers/LCD/lcd.c:384:7:LCD_FillArea	24	static
../Drivers/LCD/lcd.c:411:8:LCD_Fill	32	static
../Drivers/LCD/lcd.c:444:6:LCD_DrawImage	40	static
../Drivers/LCD/lcd.c:481:8:LCD_DrawLine	40	static
../Drivers/LCD/lcd.c:500:6:LCD_InvertColors	24	static
../Drivers/LCD/lcd.c:508:6:LCD_PutChar	48	static
../Drivers/LCD/lcd.c:514:6:LCD_PutStr	40	static
../Drivers/LCD/lcd.c:530:6:LCD_TearEffect	24	static
../Drivers/LCD/lcd.c:537:6:LCD_setPower	24	static
../Drivers/LCD/lcd.c:544:13:LCD_Update	8	static
../Drivers/LCD/lcd.c:575:6:LCD_init	16	static
../Drivers/LCD/lcd.c:618:13:clearTime	8	static
../Drivers/LCD/lcd.c:623:13:printTime	32	static
../Drivers/LCD/lcd.c:659:6:LCD_Test	120	static
../Drivers/LCD/lcd.c:941:13:window_1_callback	16	static,ignoring_inline_asm
